../Core/Src/main.c:286:5:__io_putchar	1
../Core/Src/main.c:292:24:Micros16	1
../Core/Src/main.c:299:13:Channels_SeedSafe	2
../Core/Src/main.c:307:20:FsReasonName	3
../Core/Src/main.c:317:13:Vib_ResetWindow	1
../Core/Src/main.c:326:6:HAL_UART_RxCpltCallback	7
../Core/Src/main.c:356:13:iBus_Parse	4
../Core/Src/main.c:378:16:Link_Lost	6
../Core/Src/main.c:409:13:Update_ArmState	15
../Core/Src/main.c:450:14:Stick_Norm	5
../Core/Src/main.c:464:13:Control_Reset	1
../Core/Src/main.c:471:13:Motors_Write_One	5
../Core/Src/main.c:483:13:Motors_Write	2
../Core/Src/main.c:488:13:Motors_Off	1
../Core/Src/main.c:493:13:I2C_Scan	4
../Core/Src/main.c:513:13:Motor_Test_Sequence	2
../Core/Src/main.c:546:13:PrintGains	1
../Core/Src/main.c:556:13:PrintHelp	1
../Core/Src/main.c:570:13:HandleConsole	22
../Core/Src/main.c:668:5:main	49
../Core/Src/main.c:1003:6:SystemClock_Config	3
../Core/Src/main.c:1041:13:MX_I2C1_Init	2
../Core/Src/main.c:1061:13:MX_TIM3_Init	7
../Core/Src/main.c:1099:13:MX_TIM4_Init	4
../Core/Src/main.c:1130:13:MX_USART1_UART_Init	2
../Core/Src/main.c:1149:13:MX_USART2_UART_Init	2
../Core/Src/main.c:1168:13:MX_USART6_UART_Init	2
../Core/Src/main.c:1187:13:MX_GPIO_Init	1
../Core/Src/main.c:1213:6:Error_Handler	1
