../Core/Src/main.c:286:5:__io_putchar	16	static
../Core/Src/main.c:292:24:Micros16	4	static
../Core/Src/main.c:299:13:Channels_SeedSafe	16	static
../Core/Src/main.c:307:20:FsReasonName	16	static
../Core/Src/main.c:317:13:Vib_ResetWindow	8	static
../Core/Src/main.c:326:6:HAL_UART_RxCpltCallback	32	static
../Core/Src/main.c:356:13:iBus_Parse	24	static
../Core/Src/main.c:378:16:Link_Lost	16	static
../Core/Src/main.c:409:13:Update_ArmState	16	static
../Core/Src/main.c:450:14:Stick_Norm	24	static
../Core/Src/main.c:464:13:Control_Reset	8	static
../Core/Src/main.c:471:13:Motors_Write_One	16	static
../Core/Src/main.c:483:13:Motors_Write	24	static
../Core/Src/main.c:488:13:Motors_Off	8	static
../Core/Src/main.c:493:13:I2C_Scan	16	static
../Core/Src/main.c:513:13:Motor_Test_Sequence	16	static
../Core/Src/main.c:546:13:PrintGains	40	static
../Core/Src/main.c:556:13:PrintHelp	8	static
../Core/Src/main.c:570:13:HandleConsole	16	static
../Core/Src/main.c:668:5:main	248	static
../Core/Src/main.c:1003:6:SystemClock_Config	88	static
../Core/Src/main.c:1041:13:MX_I2C1_Init	8	static
../Core/Src/main.c:1061:13:MX_TIM3_Init	48	static
../Core/Src/main.c:1099:13:MX_TIM4_Init	32	static
../Core/Src/main.c:1130:13:MX_USART1_UART_Init	8	static
../Core/Src/main.c:1149:13:MX_USART2_UART_Init	8	static
../Core/Src/main.c:1168:13:MX_USART6_UART_Init	8	static
../Core/Src/main.c:1187:13:MX_GPIO_Init	48	static
../Core/Src/main.c:1213:6:Error_Handler	4	static,ignoring_inline_asm
